info  - Linting and checking validity of types...
node.exe : error - ESLint: 
Plugin "@next/next" was 
conflicted between 
".eslintrc.js ┬╗ eslint-conf
ig-next/core-web-vitals ┬╗ p
lugin:@next/next/core-web-vi
tals" and "..\.eslintrc.js 
┬╗ eslint-config-next/core-w
eb-vitals ┬╗ plugin:@next/ne
xt/core-web-vitals".
En C:\Program 
Files\nodejs\npx.ps1: 29 
Carácter: 3
+   & $NODE_EXE $NPX_CLI_JS 
$args
+   ~~~~~~~~~~~~~~~~~~~~~~~~
~~~~~
    + CategoryInfo          
    : NotSpecified: (error  
   - ESLint:...re-web-vit   
 als".:String) [], Remot    
eException
    + FullyQualifiedErrorId 
    : NativeCommandError
 
info  - Creating an optimized production build...
Browserslist: caniuse-lite 
is outdated. Please run:
  npx browserslist@latest 
--update-db
  Why you should do it 
regularly: https://github.co
m/browserslist/browserslist#
browsers-data-updating
info  - Compiled successfully
info  - Collecting page data...
warn  - Statically 
exporting a Next.js 
application via `next 
export` disables API routes 
and middleware.
This command is meant for 
static-only hosts, and is 
not necessary to make your 
application static.
Pages in your application 
without server-side data 
dependencies will be 
automatically statically 
exported by `next build`, 
including pages powered by 
`getStaticProps`.
Learn more: https://nextjs.o
rg/docs/messages/api-routes-
static-export
info  - Generating static pages (0/114)
info  - Generating static pages (28/114)
info  - Generating static pages (56/114)
info  - Generating static pages (85/114)
info  - Generating static pages (114/114)
info  - Finalizing page optimization...

Route (pages)                              Size     First Load JS
Ôöî Ôùï / (699 ms)                             13.6 kB         151 kB
Ôö£   /_app                                  0 B            91.5 kB
Ôö£ Ôùï /404                                   925 B          94.7 kB
Ôö£ Ôùï /faq (638 ms)                          6.43 kB         144 kB
Ôö£ Ôùï /index-new                             873 B          92.4 kB
Ôö£ ÔùÅ /industries/[id] (14860 ms)            4.33 kB         142 kB
Ôö£   Ôö£ /es/industries/industrial (662 ms)
Ôö£   Ôö£ /es/industries/portuario (658 ms)
Ôö£   Ôö£ /en/industries/forestal (654 ms)
Ôö£   Ôö£ /es/industries/forestal (648 ms)
Ôö£   Ôö£ /en/industries/portuario (641 ms)
Ôö£   Ôö£ /en/industries/agricultura (640 ms)
Ôö£   Ôö£ /es/industries/agricultura (638 ms)
Ôö£   Ôöö [+59 more paths]
Ôö£ ╬╗ /robots.txt                            243 B          91.8 kB
Ôö£ ╬╗ /sitemap-images.xml                    252 B          91.8 kB
Ôö£ ╬╗ /sitemap-index.xml                     250 B          91.8 kB
Ôöö ╬╗ /sitemap.xml                           245 B          91.8 kB
+ First Load JS shared by all              99.6 kB
  Ôö£ chunks/framework-2c79e2a64abdb08b.js   45.2 kB
  Ôö£ chunks/main-d1fa3082a845ca0b.js        27.6 kB
  Ôö£ chunks/pages/_app-bf5fc2ea5e1445d7.js  17.9 kB
  Ôö£ chunks/webpack-8fa1640cc84ba8fe.js     753 B
  Ôöö css/de07124d773369ae.css               8.09 kB

ãÆ Middleware                               30.1 kB

╬╗  (Server)  server-side renders at runtime (uses getInitialProps or getServerSideProps)
Ôùï  (Static)  automatically rendered as static HTML (uses no initial props)
ÔùÅ  (SSG)     automatically generated as static HTML + JSON (uses getStaticProps)

